// Jest Snapshot v1, https://goo.gl/fbAQLP

exports[`ReturnButtonComponent renders correctly 1`] = `
<View
  accessibilityState={
    {
      "busy": undefined,
      "checked": undefined,
      "disabled": undefined,
      "expanded": undefined,
      "selected": undefined,
    }
  }
  accessibilityValue={
    {
      "max": undefined,
      "min": undefined,
      "now": undefined,
      "text": undefined,
    }
  }
  accessible={true}
  collapsable={false}
  focusable={true}
  onClick={[Function]}
  onResponderGrant={[Function]}
  onResponderMove={[Function]}
  onResponderRelease={[Function]}
  onResponderTerminate={[Function]}
  onResponderTerminationRequest={[Function]}
  onStartShouldSetResponder={[Function]}
  style={
    {
      "alignItems": "center",
      "borderRadius": 30,
      "height": 50,
      "justifyContent": "center",
      "marginLeft": 5,
      "opacity": 1,
      "width": 50,
    }
  }
>
  <Image
    source={1}
    style={
      {
        "height": 30,
        "width": 30,
      }
    }
  />
</View>
`;
