// Jest Snapshot v1, https://goo.gl/fbAQLP

exports[`Slider component renders correctly 1`] = `
<View
  style={
    {
      "height": 200,
      "marginBottom": "8%",
      "marginTop": "8%",
    }
  }
>
  <View
    onLayout={[Function]}
    style={
      [
        {
          "backgroundColor": "transparent",
          "flex": 1,
          "position": "relative",
        },
        undefined,
      ]
    }
  >
    <RCTScrollView
      automaticallyAdjustContentInsets={false}
      autoplay={false}
      autoplayDirection={true}
      autoplayTimeout={2.5}
      bounces={false}
      contentContainerStyle={
        [
          {
            "backgroundColor": "transparent",
          },
          {},
        ]
      }
      contentOffset={
        {
          "x": 0,
        }
      }
      disableNextButton={false}
      disablePrevButton={false}
      horizontal={true}
      index={0}
      loadMinimal={false}
      loadMinimalSize={1}
      loop={true}
      onIndexChanged={[Function]}
      onMomentumScrollEnd={[Function]}
      onScrollBeginDrag={[Function]}
      onScrollEndDrag={[Function]}
      pagingEnabled={true}
      removeClippedSubviews={true}
      scrollsToTop={false}
      showsButtons={false}
      showsHorizontalScrollIndicator={false}
      showsPagination={true}
      showsVerticalScrollIndicator={false}
    >
      <View>
        <View
          style={
            [
              {
                "height": 1334,
                "width": 750,
              },
              {
                "backgroundColor": "transparent",
              },
            ]
          }
        >
          <View
            style={
              {
                "alignItems": "center",
                "flex": 1,
                "justifyContent": "center",
              }
            }
          >
            <Image
              source={1}
              style={
                {
                  "borderRadius": 15,
                  "flex": 1,
                  "width": 700,
                }
              }
            />
          </View>
        </View>
        <View
          style={
            [
              {
                "height": 1334,
                "width": 750,
              },
              {
                "backgroundColor": "transparent",
              },
            ]
          }
        >
          <View
            style={
              {
                "alignItems": "center",
                "flex": 1,
                "justifyContent": "center",
              }
            }
          >
            <Image
              source={1}
              style={
                {
                  "borderRadius": 15,
                  "flex": 1,
                  "width": 700,
                }
              }
            />
          </View>
        </View>
        <View
          style={
            [
              {
                "height": 1334,
                "width": 750,
              },
              {
                "backgroundColor": "transparent",
              },
            ]
          }
        >
          <View
            style={
              {
                "alignItems": "center",
                "flex": 1,
                "justifyContent": "center",
              }
            }
          >
            <Image
              source={1}
              style={
                {
                  "borderRadius": 15,
                  "flex": 1,
                  "width": 700,
                }
              }
            />
          </View>
        </View>
        <View
          style={
            [
              {
                "height": 1334,
                "width": 750,
              },
              {
                "backgroundColor": "transparent",
              },
            ]
          }
        >
          <View
            style={
              {
                "alignItems": "center",
                "flex": 1,
                "justifyContent": "center",
              }
            }
          >
            <Image
              source={1}
              style={
                {
                  "borderRadius": 15,
                  "flex": 1,
                  "width": 700,
                }
              }
            />
          </View>
        </View>
        <View
          style={
            [
              {
                "height": 1334,
                "width": 750,
              },
              {
                "backgroundColor": "transparent",
              },
            ]
          }
        >
          <View
            style={
              {
                "alignItems": "center",
                "flex": 1,
                "justifyContent": "center",
              }
            }
          >
            <Image
              source={1}
              style={
                {
                  "borderRadius": 15,
                  "flex": 1,
                  "width": 700,
                }
              }
            />
          </View>
        </View>
      </View>
    </RCTScrollView>
    <View
      pointerEvents="none"
      style={
        [
          {
            "alignItems": "center",
            "backgroundColor": "transparent",
            "bottom": 25,
            "flex": 1,
            "flexDirection": "row",
            "justifyContent": "center",
            "left": 0,
            "position": "absolute",
            "right": 0,
          },
          undefined,
        ]
      }
    >
      <View
        style={
          [
            {
              "backgroundColor": "#007aff",
              "borderRadius": 4,
              "height": 8,
              "marginBottom": 3,
              "marginLeft": 3,
              "marginRight": 3,
              "marginTop": 3,
              "width": 8,
            },
            undefined,
          ]
        }
      />
      <View
        style={
          [
            {
              "backgroundColor": "rgba(0,0,0,.2)",
              "borderRadius": 4,
              "height": 8,
              "marginBottom": 3,
              "marginLeft": 3,
              "marginRight": 3,
              "marginTop": 3,
              "width": 8,
            },
            undefined,
          ]
        }
      />
      <View
        style={
          [
            {
              "backgroundColor": "rgba(0,0,0,.2)",
              "borderRadius": 4,
              "height": 8,
              "marginBottom": 3,
              "marginLeft": 3,
              "marginRight": 3,
              "marginTop": 3,
              "width": 8,
            },
            undefined,
          ]
        }
      />
    </View>
  </View>
</View>
`;
